// Jest Snapshot v1, https://goo.gl/fbAQLP

exports[`Header should match snapshot 1`] = `
<span
  class="MuiTypography-root MuiTypography-caption css-1sn4lm3-MuiTypography-root"
>
  Dark mode
</span>
`;
