// Jest Snapshot v1, https://goo.gl/fbAQLP

exports[`Footer should match snapshot 1`] = `
<p
  class="MuiTypography-root MuiTypography-body1 css-ahj2mt-MuiTypography-root"
>
  Tabela Fipe 
</p>
`;
